
Detector #1      ACQ 17-Feb-2022 at 13:40:40   RT = 60.0   LT = 59.9
            CK155-04 Easy-MCA-2k SN 12292282
            This is spectrum 020

ROI # 1     RANGE: 471 = 788.35keV  to  536 = 900.08keV
            AREA : Gross =  772    Net = 288   +/- 71
            CENTROID: 500.50  = 839.06keV
            SHAPE: FWHM = 12.29     FW(1/5)M = 34.08
            ID: Pb-214 at 839.03keV
            Corrected Rate = 763.43 +/- 188.21 cA

ROI # 2     RANGE: 564 = 948.23keV  to  647 = 1090.98keV
            AREA : Gross =  465    Net = 59   +/- 73
            CENTROID: 599.47  = 1009.23keV
            SHAPE: FWHM = 13.69     FW(1/5)M = 14.76
            ID: Cs-138 at 1009.78keV
            Corrected Rate = 3.31 +/- 4.09 cA

ROI # 3     RANGE: 763 = 1290.58keV  to  844 = 1430.03keV
            AREA : Gross =  275    Net = -176   +/- 74
            CENTROID: 803.00  = 1359.43keV
            SHAPE: FWHM = 67.14     FW(1/5)M = 68.17
            ID: Co-56 at 1360.21keV
            Corrected Rate = 0.00 +/- 29.04 cA

ROI # 4     RANGE: 1001 = 1700.47keV  to  1090 = 1853.88keV
            AREA : Gross =  91    Net = 1   +/- 35
            CENTROID: 1038.00  = 1764.24keV
            SHAPE: FWHM = 2.00     FW(1/5)M = 3.44
            ID: Bi-214 at 1764.49keV
            Corrected Rate = 0.11 +/- 3.81 cA

ROI # 5     RANGE: 1573 = 2687.58keV  to  1669 = 2853.52keV
            AREA : Gross =  18    Net = 2   +/- 15
Could not properly fit the peak.